MPLINK 4.49, Linker
Linker Map File - Created Fri Feb 14 11:02:37 2014

                                 Section Info
                  Section       Type    Address   Location Size(Bytes)
                ---------  ---------  ---------  ---------  ---------
                   .org_0       code   0x000000    program   0x000006
                   .org_1       code   0x001f9c    program   0x000008
                   .org_2       code   0x001fa0    program   0x0000b8
                   .cinit    romdata   0x001ffc    program   0x000004
.config_2007_TINYBLD16F886.O       code   0x002007    program   0x000002
.config_2008_TINYBLD16F886.O       code   0x002008    program   0x000002



                              Program Memory Usage 
                               Start         End      
                           ---------   ---------      
                            0x000000    0x000002      
                            0x001f9c    0x001ffd      
                            0x002007    0x002008      
            103 out of 8455 program addresses used, program memory utilization is 1%



                              Symbols - Sorted by Name
                     Name    Address   Location    Storage File                     
                ---------  ---------  ---------  --------- ---------                
        IntrareBootloader   0x001fa0    program     static D:\Quercioli\Documents\SourceForge\Tiny_Avr-Pic_Bootloader+ (v0.8.x)\firmwares\Microchip PIC\PIC10-12-16-18\PIC16F\tinybld16F886_20MHz_115200bd\tinybld16F886.asm
                 MainLoop   0x001faf    program     static D:\Quercioli\Documents\SourceForge\Tiny_Avr-Pic_Bootloader+ (v0.8.x)\firmwares\Microchip PIC\PIC10-12-16-18\PIC16F\tinybld16F886_20MHz_115200bd\tinybld16F886.asm
                  Receive   0x001fe9    program     static D:\Quercioli\Documents\SourceForge\Tiny_Avr-Pic_Bootloader+ (v0.8.x)\firmwares\Microchip PIC\PIC10-12-16-18\PIC16F\tinybld16F886_20MHz_115200bd\tinybld16F886.asm
             _.org_2_1FEF   0x001fef    program     static D:\Quercioli\Documents\SourceForge\Tiny_Avr-Pic_Bootloader+ (v0.8.x)\firmwares\Microchip PIC\PIC10-12-16-18\PIC16F\tinybld16F886_20MHz_115200bd\tinybld16F886.asm
                    mainl   0x001fb2    program     static D:\Quercioli\Documents\SourceForge\Tiny_Avr-Pic_Bootloader+ (v0.8.x)\firmwares\Microchip PIC\PIC10-12-16-18\PIC16F\tinybld16F886_20MHz_115200bd\tinybld16F886.asm
                   rcvoct   0x001fc0    program     static D:\Quercioli\Documents\SourceForge\Tiny_Avr-Pic_Bootloader+ (v0.8.x)\firmwares\Microchip PIC\PIC10-12-16-18\PIC16F\tinybld16F886_20MHz_115200bd\tinybld16F886.asm
                     rpt2   0x001fec    program     static D:\Quercioli\Documents\SourceForge\Tiny_Avr-Pic_Bootloader+ (v0.8.x)\firmwares\Microchip PIC\PIC10-12-16-18\PIC16F\tinybld16F886_20MHz_115200bd\tinybld16F886.asm
                     rpt3   0x001fed    program     static D:\Quercioli\Documents\SourceForge\Tiny_Avr-Pic_Bootloader+ (v0.8.x)\firmwares\Microchip PIC\PIC10-12-16-18\PIC16F\tinybld16F886_20MHz_115200bd\tinybld16F886.asm
                     rptc   0x001fee    program     static D:\Quercioli\Documents\SourceForge\Tiny_Avr-Pic_Bootloader+ (v0.8.x)\firmwares\Microchip PIC\PIC10-12-16-18\PIC16F\tinybld16F886_20MHz_115200bd\tinybld16F886.asm
                  waitwre   0x001fde    program     static D:\Quercioli\Documents\SourceForge\Tiny_Avr-Pic_Bootloader+ (v0.8.x)\firmwares\Microchip PIC\PIC10-12-16-18\PIC16F\tinybld16F886_20MHz_115200bd\tinybld16F886.asm
              way_to_exit   0x001ffa    program     static D:\Quercioli\Documents\SourceForge\Tiny_Avr-Pic_Bootloader+ (v0.8.x)\firmwares\Microchip PIC\PIC10-12-16-18\PIC16F\tinybld16F886_20MHz_115200bd\tinybld16F886.asm
                writeloop   0x001fcb    program     static D:\Quercioli\Documents\SourceForge\Tiny_Avr-Pic_Bootloader+ (v0.8.x)\firmwares\Microchip PIC\PIC10-12-16-18\PIC16F\tinybld16F886_20MHz_115200bd\tinybld16F886.asm
                ziieroare   0x001fe6    program     static D:\Quercioli\Documents\SourceForge\Tiny_Avr-Pic_Bootloader+ (v0.8.x)\firmwares\Microchip PIC\PIC10-12-16-18\PIC16F\tinybld16F886_20MHz_115200bd\tinybld16F886.asm



                              Symbols - Sorted by Address
                     Name    Address   Location    Storage File                     
                ---------  ---------  ---------  --------- ---------                
        IntrareBootloader   0x001fa0    program     static D:\Quercioli\Documents\SourceForge\Tiny_Avr-Pic_Bootloader+ (v0.8.x)\firmwares\Microchip PIC\PIC10-12-16-18\PIC16F\tinybld16F886_20MHz_115200bd\tinybld16F886.asm
                 MainLoop   0x001faf    program     static D:\Quercioli\Documents\SourceForge\Tiny_Avr-Pic_Bootloader+ (v0.8.x)\firmwares\Microchip PIC\PIC10-12-16-18\PIC16F\tinybld16F886_20MHz_115200bd\tinybld16F886.asm
                    mainl   0x001fb2    program     static D:\Quercioli\Documents\SourceForge\Tiny_Avr-Pic_Bootloader+ (v0.8.x)\firmwares\Microchip PIC\PIC10-12-16-18\PIC16F\tinybld16F886_20MHz_115200bd\tinybld16F886.asm
                   rcvoct   0x001fc0    program     static D:\Quercioli\Documents\SourceForge\Tiny_Avr-Pic_Bootloader+ (v0.8.x)\firmwares\Microchip PIC\PIC10-12-16-18\PIC16F\tinybld16F886_20MHz_115200bd\tinybld16F886.asm
                writeloop   0x001fcb    program     static D:\Quercioli\Documents\SourceForge\Tiny_Avr-Pic_Bootloader+ (v0.8.x)\firmwares\Microchip PIC\PIC10-12-16-18\PIC16F\tinybld16F886_20MHz_115200bd\tinybld16F886.asm
                  waitwre   0x001fde    program     static D:\Quercioli\Documents\SourceForge\Tiny_Avr-Pic_Bootloader+ (v0.8.x)\firmwares\Microchip PIC\PIC10-12-16-18\PIC16F\tinybld16F886_20MHz_115200bd\tinybld16F886.asm
                ziieroare   0x001fe6    program     static D:\Quercioli\Documents\SourceForge\Tiny_Avr-Pic_Bootloader+ (v0.8.x)\firmwares\Microchip PIC\PIC10-12-16-18\PIC16F\tinybld16F886_20MHz_115200bd\tinybld16F886.asm
                  Receive   0x001fe9    program     static D:\Quercioli\Documents\SourceForge\Tiny_Avr-Pic_Bootloader+ (v0.8.x)\firmwares\Microchip PIC\PIC10-12-16-18\PIC16F\tinybld16F886_20MHz_115200bd\tinybld16F886.asm
                     rpt2   0x001fec    program     static D:\Quercioli\Documents\SourceForge\Tiny_Avr-Pic_Bootloader+ (v0.8.x)\firmwares\Microchip PIC\PIC10-12-16-18\PIC16F\tinybld16F886_20MHz_115200bd\tinybld16F886.asm
                     rpt3   0x001fed    program     static D:\Quercioli\Documents\SourceForge\Tiny_Avr-Pic_Bootloader+ (v0.8.x)\firmwares\Microchip PIC\PIC10-12-16-18\PIC16F\tinybld16F886_20MHz_115200bd\tinybld16F886.asm
                     rptc   0x001fee    program     static D:\Quercioli\Documents\SourceForge\Tiny_Avr-Pic_Bootloader+ (v0.8.x)\firmwares\Microchip PIC\PIC10-12-16-18\PIC16F\tinybld16F886_20MHz_115200bd\tinybld16F886.asm
             _.org_2_1FEF   0x001fef    program     static D:\Quercioli\Documents\SourceForge\Tiny_Avr-Pic_Bootloader+ (v0.8.x)\firmwares\Microchip PIC\PIC10-12-16-18\PIC16F\tinybld16F886_20MHz_115200bd\tinybld16F886.asm
              way_to_exit   0x001ffa    program     static D:\Quercioli\Documents\SourceForge\Tiny_Avr-Pic_Bootloader+ (v0.8.x)\firmwares\Microchip PIC\PIC10-12-16-18\PIC16F\tinybld16F886_20MHz_115200bd\tinybld16F886.asm


