MPLINK 4.49, Linker
Linker Map File - Created Sun Nov 24 00:40:13 2013

                                 Section Info
                  Section       Type    Address   Location Size(Bytes)
                ---------  ---------  ---------  ---------  ---------
                   .org_0       code   0x000000    program   0x000000
                   .org_1       code   0x000000    program   0x000004
                   .org_2       code   0x003f38    program   0x000008
                   .org_3       code   0x003f40    program   0x0000ba
.config_300000_TINYBLD18F14K50_INT16MHZ_19200.O    romdata   0x300000    program   0x000001
.config_300001_TINYBLD18F14K50_INT16MHZ_19200.O    romdata   0x300001    program   0x000001
.config_300002_TINYBLD18F14K50_INT16MHZ_19200.O    romdata   0x300002    program   0x000001
.config_300003_TINYBLD18F14K50_INT16MHZ_19200.O    romdata   0x300003    program   0x000001
.config_300005_TINYBLD18F14K50_INT16MHZ_19200.O    romdata   0x300005    program   0x000001
.config_300006_TINYBLD18F14K50_INT16MHZ_19200.O    romdata   0x300006    program   0x000001
.config_300008_TINYBLD18F14K50_INT16MHZ_19200.O    romdata   0x300008    program   0x000001
.config_300009_TINYBLD18F14K50_INT16MHZ_19200.O    romdata   0x300009    program   0x000001
.config_30000A_TINYBLD18F14K50_INT16MHZ_19200.O    romdata   0x30000a    program   0x000001
.config_30000B_TINYBLD18F14K50_INT16MHZ_19200.O    romdata   0x30000b    program   0x000001
.config_30000C_TINYBLD18F14K50_INT16MHZ_19200.O    romdata   0x30000c    program   0x000001
.config_30000D_TINYBLD18F14K50_INT16MHZ_19200.O    romdata   0x30000d    program   0x000001



                              Program Memory Usage 
                               Start         End      
                           ---------   ---------      
                            0x000000    0x000003      
                            0x003f38    0x003ff9      
                            0x300000    0x300003      
                            0x300005    0x300006      
                            0x300008    0x30000d      
            210 out of 16664 program addresses used, program memory utilization is 1%



                              Symbols - Sorted by Name
                     Name    Address   Location    Storage File                     
                ---------  ---------  ---------  --------- ---------                
        IntrareBootloader   0x003f40    program     static C:\picasm1\tinybld198\picsource\18f\Dan_tinybld18F14K50_int16MHz_19200bd_r5\tinybld18F14K50_int16MHz_19200.asm
                 MainLoop   0x003f5a    program     static C:\picasm1\tinybld198\picsource\18f\Dan_tinybld18F14K50_int16MHz_19200bd_r5\tinybld18F14K50_int16MHz_19200.asm
                  Receive   0x003fd8    program     static C:\picasm1\tinybld198\picsource\18f\Dan_tinybld18F14K50_int16MHz_19200bd_r5\tinybld18F14K50_int16MHz_19200.asm
                    Write   0x003fc8    program     static C:\picasm1\tinybld198\picsource\18f\Dan_tinybld18F14K50_int16MHz_19200bd_r5\tinybld18F14K50_int16MHz_19200.asm
                eraseloop   0x003fa6    program     static C:\picasm1\tinybld198\picsource\18f\Dan_tinybld18F14K50_int16MHz_19200bd_r5\tinybld18F14K50_int16MHz_19200.asm
              lp_noeeprom   0x003f9c    program     static C:\picasm1\tinybld198\picsource\18f\Dan_tinybld18F14K50_int16MHz_19200bd_r5\tinybld18F14K50_int16MHz_19200.asm
                    mainl   0x003f5c    program     static C:\picasm1\tinybld198\picsource\18f\Dan_tinybld18F14K50_int16MHz_19200bd_r5\tinybld18F14K50_int16MHz_19200.asm
                 noconfig   0x003fa6    program     static C:\picasm1\tinybld198\picsource\18f\Dan_tinybld18F14K50_int16MHz_19200bd_r5\tinybld18F14K50_int16MHz_19200.asm
                 noeeprom   0x003f94    program     static C:\picasm1\tinybld198\picsource\18f\Dan_tinybld18F14K50_int16MHz_19200bd_r5\tinybld18F14K50_int16MHz_19200.asm
                   notrcv   0x003fea    program     static C:\picasm1\tinybld198\picsource\18f\Dan_tinybld18F14K50_int16MHz_19200bd_r5\tinybld18F14K50_int16MHz_19200.asm
                 put1byte   0x003fc0    program     static C:\picasm1\tinybld198\picsource\18f\Dan_tinybld18F14K50_int16MHz_19200bd_r5\tinybld18F14K50_int16MHz_19200.asm
                   rcvoct   0x003f78    program     static C:\picasm1\tinybld198\picsource\18f\Dan_tinybld18F14K50_int16MHz_19200bd_r5\tinybld18F14K50_int16MHz_19200.asm
                     rpt2   0x003fdc    program     static C:\picasm1\tinybld198\picsource\18f\Dan_tinybld18F14K50_int16MHz_19200bd_r5\tinybld18F14K50_int16MHz_19200.asm
                     rpt3   0x003fde    program     static C:\picasm1\tinybld198\picsource\18f\Dan_tinybld18F14K50_int16MHz_19200bd_r5\tinybld18F14K50_int16MHz_19200.asm
                     rptc   0x003fe0    program     static C:\picasm1\tinybld198\picsource\18f\Dan_tinybld18F14K50_int16MHz_19200bd_r5\tinybld18F14K50_int16MHz_19200.asm
                  waitwre   0x003fbc    program     static C:\picasm1\tinybld198\picsource\18f\Dan_tinybld18F14K50_int16MHz_19200bd_r5\tinybld18F14K50_int16MHz_19200.asm
              way_to_exit   0x003ff6    program     static C:\picasm1\tinybld198\picsource\18f\Dan_tinybld18F14K50_int16MHz_19200bd_r5\tinybld18F14K50_int16MHz_19200.asm
             writebigloop   0x003fac    program     static C:\picasm1\tinybld198\picsource\18f\Dan_tinybld18F14K50_int16MHz_19200bd_r5\tinybld18F14K50_int16MHz_19200.asm
                writebyte   0x003fae    program     static C:\picasm1\tinybld198\picsource\18f\Dan_tinybld18F14K50_int16MHz_19200bd_r5\tinybld18F14K50_int16MHz_19200.asm
               writesloop   0x003fac    program     static C:\picasm1\tinybld198\picsource\18f\Dan_tinybld18F14K50_int16MHz_19200bd_r5\tinybld18F14K50_int16MHz_19200.asm
                ziieroare   0x003f86    program     static C:\picasm1\tinybld198\picsource\18f\Dan_tinybld18F14K50_int16MHz_19200bd_r5\tinybld18F14K50_int16MHz_19200.asm



                              Symbols - Sorted by Address
                     Name    Address   Location    Storage File                     
                ---------  ---------  ---------  --------- ---------                
        IntrareBootloader   0x003f40    program     static C:\picasm1\tinybld198\picsource\18f\Dan_tinybld18F14K50_int16MHz_19200bd_r5\tinybld18F14K50_int16MHz_19200.asm
                 MainLoop   0x003f5a    program     static C:\picasm1\tinybld198\picsource\18f\Dan_tinybld18F14K50_int16MHz_19200bd_r5\tinybld18F14K50_int16MHz_19200.asm
                    mainl   0x003f5c    program     static C:\picasm1\tinybld198\picsource\18f\Dan_tinybld18F14K50_int16MHz_19200bd_r5\tinybld18F14K50_int16MHz_19200.asm
                   rcvoct   0x003f78    program     static C:\picasm1\tinybld198\picsource\18f\Dan_tinybld18F14K50_int16MHz_19200bd_r5\tinybld18F14K50_int16MHz_19200.asm
                ziieroare   0x003f86    program     static C:\picasm1\tinybld198\picsource\18f\Dan_tinybld18F14K50_int16MHz_19200bd_r5\tinybld18F14K50_int16MHz_19200.asm
                 noeeprom   0x003f94    program     static C:\picasm1\tinybld198\picsource\18f\Dan_tinybld18F14K50_int16MHz_19200bd_r5\tinybld18F14K50_int16MHz_19200.asm
              lp_noeeprom   0x003f9c    program     static C:\picasm1\tinybld198\picsource\18f\Dan_tinybld18F14K50_int16MHz_19200bd_r5\tinybld18F14K50_int16MHz_19200.asm
                eraseloop   0x003fa6    program     static C:\picasm1\tinybld198\picsource\18f\Dan_tinybld18F14K50_int16MHz_19200bd_r5\tinybld18F14K50_int16MHz_19200.asm
                 noconfig   0x003fa6    program     static C:\picasm1\tinybld198\picsource\18f\Dan_tinybld18F14K50_int16MHz_19200bd_r5\tinybld18F14K50_int16MHz_19200.asm
             writebigloop   0x003fac    program     static C:\picasm1\tinybld198\picsource\18f\Dan_tinybld18F14K50_int16MHz_19200bd_r5\tinybld18F14K50_int16MHz_19200.asm
               writesloop   0x003fac    program     static C:\picasm1\tinybld198\picsource\18f\Dan_tinybld18F14K50_int16MHz_19200bd_r5\tinybld18F14K50_int16MHz_19200.asm
                writebyte   0x003fae    program     static C:\picasm1\tinybld198\picsource\18f\Dan_tinybld18F14K50_int16MHz_19200bd_r5\tinybld18F14K50_int16MHz_19200.asm
                  waitwre   0x003fbc    program     static C:\picasm1\tinybld198\picsource\18f\Dan_tinybld18F14K50_int16MHz_19200bd_r5\tinybld18F14K50_int16MHz_19200.asm
                 put1byte   0x003fc0    program     static C:\picasm1\tinybld198\picsource\18f\Dan_tinybld18F14K50_int16MHz_19200bd_r5\tinybld18F14K50_int16MHz_19200.asm
                    Write   0x003fc8    program     static C:\picasm1\tinybld198\picsource\18f\Dan_tinybld18F14K50_int16MHz_19200bd_r5\tinybld18F14K50_int16MHz_19200.asm
                  Receive   0x003fd8    program     static C:\picasm1\tinybld198\picsource\18f\Dan_tinybld18F14K50_int16MHz_19200bd_r5\tinybld18F14K50_int16MHz_19200.asm
                     rpt2   0x003fdc    program     static C:\picasm1\tinybld198\picsource\18f\Dan_tinybld18F14K50_int16MHz_19200bd_r5\tinybld18F14K50_int16MHz_19200.asm
                     rpt3   0x003fde    program     static C:\picasm1\tinybld198\picsource\18f\Dan_tinybld18F14K50_int16MHz_19200bd_r5\tinybld18F14K50_int16MHz_19200.asm
                     rptc   0x003fe0    program     static C:\picasm1\tinybld198\picsource\18f\Dan_tinybld18F14K50_int16MHz_19200bd_r5\tinybld18F14K50_int16MHz_19200.asm
                   notrcv   0x003fea    program     static C:\picasm1\tinybld198\picsource\18f\Dan_tinybld18F14K50_int16MHz_19200bd_r5\tinybld18F14K50_int16MHz_19200.asm
              way_to_exit   0x003ff6    program     static C:\picasm1\tinybld198\picsource\18f\Dan_tinybld18F14K50_int16MHz_19200bd_r5\tinybld18F14K50_int16MHz_19200.asm


