MPLINK 4.49, Linker
Linker Map File - Created Tue Nov 24 15:42:47 2015

                                 Section Info
                  Section       Type    Address   Location Size(Bytes)
                ---------  ---------  ---------  ---------  ---------
                   .org_0       code   0x000000    program   0x000000
                   .org_1       code   0x000000    program   0x000002
                   .org_2       code   0x000f9c    program   0x000000
                   .org_3       code   0x000fa0    program   0x0000b0
.config_8007_TINYBLD16F1933_16MHZ_INT_19200.O       code   0x008007    program   0x000002
.config_8008_TINYBLD16F1933_16MHZ_INT_19200.O       code   0x008008    program   0x000002



                              Program Memory Usage 
                               Start         End      
                           ---------   ---------      
                            0x000000    0x000000      
                            0x000fa0    0x000ff7      
                            0x008007    0x008008      
            91 out of 4359 program addresses used, program memory utilization is 2%



                              Symbols - Sorted by Name
                     Name    Address   Location    Storage File                     
                ---------  ---------  ---------  --------- ---------                
                FSReceive   0x000fd2    program     static C:\picasm1\tinybld198\picsource\16f\Dan_tinybld16F1933_int16MHz_19200bd_r7\tinybld16F1933_16MHz_int_19200.asm
        IntrareBootloader   0x000fa0    program     static C:\picasm1\tinybld198\picsource\16f\Dan_tinybld16F1933_int16MHz_19200bd_r7\tinybld16F1933_16MHz_int_19200.asm
                 MainLoop   0x000fb3    program     static C:\picasm1\tinybld198\picsource\16f\Dan_tinybld16F1933_int16MHz_19200bd_r7\tinybld16F1933_16MHz_int_19200.asm
                  Receive   0x000fd4    program     static C:\picasm1\tinybld198\picsource\16f\Dan_tinybld16F1933_int16MHz_19200bd_r7\tinybld16F1933_16MHz_int_19200.asm
                    mainl   0x000fb4    program     static C:\picasm1\tinybld198\picsource\16f\Dan_tinybld16F1933_int16MHz_19200bd_r7\tinybld16F1933_16MHz_int_19200.asm
                   rcvoct   0x000fbe    program     static C:\picasm1\tinybld198\picsource\16f\Dan_tinybld16F1933_int16MHz_19200bd_r7\tinybld16F1933_16MHz_int_19200.asm
                     rpt2   0x000fd6    program     static C:\picasm1\tinybld198\picsource\16f\Dan_tinybld16F1933_int16MHz_19200bd_r7\tinybld16F1933_16MHz_int_19200.asm
                     rpt3   0x000fd7    program     static C:\picasm1\tinybld198\picsource\16f\Dan_tinybld16F1933_int16MHz_19200bd_r7\tinybld16F1933_16MHz_int_19200.asm
                     rptc   0x000fd8    program     static C:\picasm1\tinybld198\picsource\16f\Dan_tinybld16F1933_int16MHz_19200bd_r7\tinybld16F1933_16MHz_int_19200.asm
              way_to_exit   0x000fe7    program     static C:\picasm1\tinybld198\picsource\16f\Dan_tinybld16F1933_int16MHz_19200bd_r7\tinybld16F1933_16MHz_int_19200.asm
                     wr_e   0x000feb    program     static C:\picasm1\tinybld198\picsource\16f\Dan_tinybld16F1933_int16MHz_19200bd_r7\tinybld16F1933_16MHz_int_19200.asm
                     wr_w   0x000fec    program     static C:\picasm1\tinybld198\picsource\16f\Dan_tinybld16F1933_int16MHz_19200bd_r7\tinybld16F1933_16MHz_int_19200.asm
                writeloop   0x000fc6    program     static C:\picasm1\tinybld198\picsource\16f\Dan_tinybld16F1933_int16MHz_19200bd_r7\tinybld16F1933_16MHz_int_19200.asm
                ziieroare   0x000fc3    program     static C:\picasm1\tinybld198\picsource\16f\Dan_tinybld16F1933_int16MHz_19200bd_r7\tinybld16F1933_16MHz_int_19200.asm



                              Symbols - Sorted by Address
                     Name    Address   Location    Storage File                     
                ---------  ---------  ---------  --------- ---------                
        IntrareBootloader   0x000fa0    program     static C:\picasm1\tinybld198\picsource\16f\Dan_tinybld16F1933_int16MHz_19200bd_r7\tinybld16F1933_16MHz_int_19200.asm
                 MainLoop   0x000fb3    program     static C:\picasm1\tinybld198\picsource\16f\Dan_tinybld16F1933_int16MHz_19200bd_r7\tinybld16F1933_16MHz_int_19200.asm
                    mainl   0x000fb4    program     static C:\picasm1\tinybld198\picsource\16f\Dan_tinybld16F1933_int16MHz_19200bd_r7\tinybld16F1933_16MHz_int_19200.asm
                   rcvoct   0x000fbe    program     static C:\picasm1\tinybld198\picsource\16f\Dan_tinybld16F1933_int16MHz_19200bd_r7\tinybld16F1933_16MHz_int_19200.asm
                ziieroare   0x000fc3    program     static C:\picasm1\tinybld198\picsource\16f\Dan_tinybld16F1933_int16MHz_19200bd_r7\tinybld16F1933_16MHz_int_19200.asm
                writeloop   0x000fc6    program     static C:\picasm1\tinybld198\picsource\16f\Dan_tinybld16F1933_int16MHz_19200bd_r7\tinybld16F1933_16MHz_int_19200.asm
                FSReceive   0x000fd2    program     static C:\picasm1\tinybld198\picsource\16f\Dan_tinybld16F1933_int16MHz_19200bd_r7\tinybld16F1933_16MHz_int_19200.asm
                  Receive   0x000fd4    program     static C:\picasm1\tinybld198\picsource\16f\Dan_tinybld16F1933_int16MHz_19200bd_r7\tinybld16F1933_16MHz_int_19200.asm
                     rpt2   0x000fd6    program     static C:\picasm1\tinybld198\picsource\16f\Dan_tinybld16F1933_int16MHz_19200bd_r7\tinybld16F1933_16MHz_int_19200.asm
                     rpt3   0x000fd7    program     static C:\picasm1\tinybld198\picsource\16f\Dan_tinybld16F1933_int16MHz_19200bd_r7\tinybld16F1933_16MHz_int_19200.asm
                     rptc   0x000fd8    program     static C:\picasm1\tinybld198\picsource\16f\Dan_tinybld16F1933_int16MHz_19200bd_r7\tinybld16F1933_16MHz_int_19200.asm
              way_to_exit   0x000fe7    program     static C:\picasm1\tinybld198\picsource\16f\Dan_tinybld16F1933_int16MHz_19200bd_r7\tinybld16F1933_16MHz_int_19200.asm
                     wr_e   0x000feb    program     static C:\picasm1\tinybld198\picsource\16f\Dan_tinybld16F1933_int16MHz_19200bd_r7\tinybld16F1933_16MHz_int_19200.asm
                     wr_w   0x000fec    program     static C:\picasm1\tinybld198\picsource\16f\Dan_tinybld16F1933_int16MHz_19200bd_r7\tinybld16F1933_16MHz_int_19200.asm


