MPLINK 4.49, Linker
Linker Map File - Created Mon Jun 09 21:44:54 2014

                                 Section Info
                  Section       Type    Address   Location Size(Bytes)
                ---------  ---------  ---------  ---------  ---------
                   .org_0       code   0x000000    program   0x000000
                   .org_1       code   0x000000    program   0x000002
                   .org_2       code   0x001f9c    program   0x000000
                   .org_3       code   0x001fa0    program   0x000098
.config_8007_TINYBLD16F1455_16MHZ_INT_19200.O       code   0x008007    program   0x000002
.config_8008_TINYBLD16F1455_16MHZ_INT_19200.O       code   0x008008    program   0x000002



                              Program Memory Usage 
                               Start         End      
                           ---------   ---------      
                            0x000000    0x000000      
                            0x001fa0    0x001feb      
                            0x008007    0x008008      
            79 out of 8199 program addresses used, program memory utilization is 0%



                              Symbols - Sorted by Name
                     Name    Address   Location    Storage File                     
                ---------  ---------  ---------  --------- ---------                
        IntrareBootloader   0x001fa0    program     static C:\picasm1\tinybld198\picsource\2014.06.09_0\Dan_tinybld16F1455_int16MHz_19200bd_r6\tinybld16F1455_16MHz_int_19200.asm
                 MainLoop   0x001fb3    program     static C:\picasm1\tinybld198\picsource\2014.06.09_0\Dan_tinybld16F1455_int16MHz_19200bd_r6\tinybld16F1455_16MHz_int_19200.asm
                  Receive   0x001fce    program     static C:\picasm1\tinybld198\picsource\2014.06.09_0\Dan_tinybld16F1455_int16MHz_19200bd_r6\tinybld16F1455_16MHz_int_19200.asm
                    mainl   0x001fb4    program     static C:\picasm1\tinybld198\picsource\2014.06.09_0\Dan_tinybld16F1455_int16MHz_19200bd_r6\tinybld16F1455_16MHz_int_19200.asm
                   rcvoct   0x001fbc    program     static C:\picasm1\tinybld198\picsource\2014.06.09_0\Dan_tinybld16F1455_int16MHz_19200bd_r6\tinybld16F1455_16MHz_int_19200.asm
                     rpt2   0x001fd0    program     static C:\picasm1\tinybld198\picsource\2014.06.09_0\Dan_tinybld16F1455_int16MHz_19200bd_r6\tinybld16F1455_16MHz_int_19200.asm
                     rpt3   0x001fd1    program     static C:\picasm1\tinybld198\picsource\2014.06.09_0\Dan_tinybld16F1455_int16MHz_19200bd_r6\tinybld16F1455_16MHz_int_19200.asm
                     rptc   0x001fd2    program     static C:\picasm1\tinybld198\picsource\2014.06.09_0\Dan_tinybld16F1455_int16MHz_19200bd_r6\tinybld16F1455_16MHz_int_19200.asm
              way_to_exit   0x001fdd    program     static C:\picasm1\tinybld198\picsource\2014.06.09_0\Dan_tinybld16F1455_int16MHz_19200bd_r6\tinybld16F1455_16MHz_int_19200.asm
                     wr_e   0x001fe2    program     static C:\picasm1\tinybld198\picsource\2014.06.09_0\Dan_tinybld16F1455_int16MHz_19200bd_r6\tinybld16F1455_16MHz_int_19200.asm
                     wr_w   0x001fe3    program     static C:\picasm1\tinybld198\picsource\2014.06.09_0\Dan_tinybld16F1455_int16MHz_19200bd_r6\tinybld16F1455_16MHz_int_19200.asm
                ziieroare   0x001fc7    program     static C:\picasm1\tinybld198\picsource\2014.06.09_0\Dan_tinybld16F1455_int16MHz_19200bd_r6\tinybld16F1455_16MHz_int_19200.asm



                              Symbols - Sorted by Address
                     Name    Address   Location    Storage File                     
                ---------  ---------  ---------  --------- ---------                
        IntrareBootloader   0x001fa0    program     static C:\picasm1\tinybld198\picsource\2014.06.09_0\Dan_tinybld16F1455_int16MHz_19200bd_r6\tinybld16F1455_16MHz_int_19200.asm
                 MainLoop   0x001fb3    program     static C:\picasm1\tinybld198\picsource\2014.06.09_0\Dan_tinybld16F1455_int16MHz_19200bd_r6\tinybld16F1455_16MHz_int_19200.asm
                    mainl   0x001fb4    program     static C:\picasm1\tinybld198\picsource\2014.06.09_0\Dan_tinybld16F1455_int16MHz_19200bd_r6\tinybld16F1455_16MHz_int_19200.asm
                   rcvoct   0x001fbc    program     static C:\picasm1\tinybld198\picsource\2014.06.09_0\Dan_tinybld16F1455_int16MHz_19200bd_r6\tinybld16F1455_16MHz_int_19200.asm
                ziieroare   0x001fc7    program     static C:\picasm1\tinybld198\picsource\2014.06.09_0\Dan_tinybld16F1455_int16MHz_19200bd_r6\tinybld16F1455_16MHz_int_19200.asm
                  Receive   0x001fce    program     static C:\picasm1\tinybld198\picsource\2014.06.09_0\Dan_tinybld16F1455_int16MHz_19200bd_r6\tinybld16F1455_16MHz_int_19200.asm
                     rpt2   0x001fd0    program     static C:\picasm1\tinybld198\picsource\2014.06.09_0\Dan_tinybld16F1455_int16MHz_19200bd_r6\tinybld16F1455_16MHz_int_19200.asm
                     rpt3   0x001fd1    program     static C:\picasm1\tinybld198\picsource\2014.06.09_0\Dan_tinybld16F1455_int16MHz_19200bd_r6\tinybld16F1455_16MHz_int_19200.asm
                     rptc   0x001fd2    program     static C:\picasm1\tinybld198\picsource\2014.06.09_0\Dan_tinybld16F1455_int16MHz_19200bd_r6\tinybld16F1455_16MHz_int_19200.asm
              way_to_exit   0x001fdd    program     static C:\picasm1\tinybld198\picsource\2014.06.09_0\Dan_tinybld16F1455_int16MHz_19200bd_r6\tinybld16F1455_16MHz_int_19200.asm
                     wr_e   0x001fe2    program     static C:\picasm1\tinybld198\picsource\2014.06.09_0\Dan_tinybld16F1455_int16MHz_19200bd_r6\tinybld16F1455_16MHz_int_19200.asm
                     wr_w   0x001fe3    program     static C:\picasm1\tinybld198\picsource\2014.06.09_0\Dan_tinybld16F1455_int16MHz_19200bd_r6\tinybld16F1455_16MHz_int_19200.asm


