MPLINK 4.45, Linker
Linker Map File - Created Mon May 13 12:50:15 2013

                                 Section Info
                  Section       Type    Address   Location Size(Bytes)
                ---------  ---------  ---------  ---------  ---------
                   .org_0       code   0x000000    program   0x000004
                   .cinit    romdata   0x000800    program   0x000004
                   .org_1       code   0x000f9c    program   0x000008
                   .org_2       code   0x000fa0    program   0x0000c0
.config_2007_TINYBLD16F874.O       code   0x002007    program   0x000002



                              Program Memory Usage 
                               Start         End      
                           ---------   ---------      
                            0x000000    0x000001      
                            0x000800    0x000801      
                            0x000f9c    0x000fff      
                            0x002007    0x002007      
            105 out of 4230 program addresses used, program memory utilization is 2%



                              Symbols - Sorted by Name
                     Name    Address   Location    Storage File                     
                ---------  ---------  ---------  --------- ---------                
        IntrareBootloader   0x000fa0    program     static C:\Documents and Settings\Quercio\Desktop\Tiny PIC Bootloader +\firmwares\PIC10-16-18\PIC16F\tinybld16F874_20MHz_115200bd\tinybld16F874.asm
                 MainLoop   0x000faf    program     static C:\Documents and Settings\Quercio\Desktop\Tiny PIC Bootloader +\firmwares\PIC10-16-18\PIC16F\tinybld16F874_20MHz_115200bd\tinybld16F874.asm
                  Receive   0x000fed    program     static C:\Documents and Settings\Quercio\Desktop\Tiny PIC Bootloader +\firmwares\PIC10-16-18\PIC16F\tinybld16F874_20MHz_115200bd\tinybld16F874.asm
             _.org_2_0FF3   0x000ff3    program     static C:\Documents and Settings\Quercio\Desktop\Tiny PIC Bootloader +\firmwares\PIC10-16-18\PIC16F\tinybld16F874_20MHz_115200bd\tinybld16F874.asm
                    mainl   0x000fb2    program     static C:\Documents and Settings\Quercio\Desktop\Tiny PIC Bootloader +\firmwares\PIC10-16-18\PIC16F\tinybld16F874_20MHz_115200bd\tinybld16F874.asm
                   rcvoct   0x000fc2    program     static C:\Documents and Settings\Quercio\Desktop\Tiny PIC Bootloader +\firmwares\PIC10-16-18\PIC16F\tinybld16F874_20MHz_115200bd\tinybld16F874.asm
                     rpt2   0x000ff0    program     static C:\Documents and Settings\Quercio\Desktop\Tiny PIC Bootloader +\firmwares\PIC10-16-18\PIC16F\tinybld16F874_20MHz_115200bd\tinybld16F874.asm
                     rpt3   0x000ff1    program     static C:\Documents and Settings\Quercio\Desktop\Tiny PIC Bootloader +\firmwares\PIC10-16-18\PIC16F\tinybld16F874_20MHz_115200bd\tinybld16F874.asm
                     rptc   0x000ff2    program     static C:\Documents and Settings\Quercio\Desktop\Tiny PIC Bootloader +\firmwares\PIC10-16-18\PIC16F\tinybld16F874_20MHz_115200bd\tinybld16F874.asm
                  waitwre   0x000fe0    program     static C:\Documents and Settings\Quercio\Desktop\Tiny PIC Bootloader +\firmwares\PIC10-16-18\PIC16F\tinybld16F874_20MHz_115200bd\tinybld16F874.asm
              way_to_exit   0x000ffe    program     static C:\Documents and Settings\Quercio\Desktop\Tiny PIC Bootloader +\firmwares\PIC10-16-18\PIC16F\tinybld16F874_20MHz_115200bd\tinybld16F874.asm
                writeloop   0x000fcd    program     static C:\Documents and Settings\Quercio\Desktop\Tiny PIC Bootloader +\firmwares\PIC10-16-18\PIC16F\tinybld16F874_20MHz_115200bd\tinybld16F874.asm
                ziieroare   0x000fea    program     static C:\Documents and Settings\Quercio\Desktop\Tiny PIC Bootloader +\firmwares\PIC10-16-18\PIC16F\tinybld16F874_20MHz_115200bd\tinybld16F874.asm



                              Symbols - Sorted by Address
                     Name    Address   Location    Storage File                     
                ---------  ---------  ---------  --------- ---------                
        IntrareBootloader   0x000fa0    program     static C:\Documents and Settings\Quercio\Desktop\Tiny PIC Bootloader +\firmwares\PIC10-16-18\PIC16F\tinybld16F874_20MHz_115200bd\tinybld16F874.asm
                 MainLoop   0x000faf    program     static C:\Documents and Settings\Quercio\Desktop\Tiny PIC Bootloader +\firmwares\PIC10-16-18\PIC16F\tinybld16F874_20MHz_115200bd\tinybld16F874.asm
                    mainl   0x000fb2    program     static C:\Documents and Settings\Quercio\Desktop\Tiny PIC Bootloader +\firmwares\PIC10-16-18\PIC16F\tinybld16F874_20MHz_115200bd\tinybld16F874.asm
                   rcvoct   0x000fc2    program     static C:\Documents and Settings\Quercio\Desktop\Tiny PIC Bootloader +\firmwares\PIC10-16-18\PIC16F\tinybld16F874_20MHz_115200bd\tinybld16F874.asm
                writeloop   0x000fcd    program     static C:\Documents and Settings\Quercio\Desktop\Tiny PIC Bootloader +\firmwares\PIC10-16-18\PIC16F\tinybld16F874_20MHz_115200bd\tinybld16F874.asm
                  waitwre   0x000fe0    program     static C:\Documents and Settings\Quercio\Desktop\Tiny PIC Bootloader +\firmwares\PIC10-16-18\PIC16F\tinybld16F874_20MHz_115200bd\tinybld16F874.asm
                ziieroare   0x000fea    program     static C:\Documents and Settings\Quercio\Desktop\Tiny PIC Bootloader +\firmwares\PIC10-16-18\PIC16F\tinybld16F874_20MHz_115200bd\tinybld16F874.asm
                  Receive   0x000fed    program     static C:\Documents and Settings\Quercio\Desktop\Tiny PIC Bootloader +\firmwares\PIC10-16-18\PIC16F\tinybld16F874_20MHz_115200bd\tinybld16F874.asm
                     rpt2   0x000ff0    program     static C:\Documents and Settings\Quercio\Desktop\Tiny PIC Bootloader +\firmwares\PIC10-16-18\PIC16F\tinybld16F874_20MHz_115200bd\tinybld16F874.asm
                     rpt3   0x000ff1    program     static C:\Documents and Settings\Quercio\Desktop\Tiny PIC Bootloader +\firmwares\PIC10-16-18\PIC16F\tinybld16F874_20MHz_115200bd\tinybld16F874.asm
                     rptc   0x000ff2    program     static C:\Documents and Settings\Quercio\Desktop\Tiny PIC Bootloader +\firmwares\PIC10-16-18\PIC16F\tinybld16F874_20MHz_115200bd\tinybld16F874.asm
             _.org_2_0FF3   0x000ff3    program     static C:\Documents and Settings\Quercio\Desktop\Tiny PIC Bootloader +\firmwares\PIC10-16-18\PIC16F\tinybld16F874_20MHz_115200bd\tinybld16F874.asm
              way_to_exit   0x000ffe    program     static C:\Documents and Settings\Quercio\Desktop\Tiny PIC Bootloader +\firmwares\PIC10-16-18\PIC16F\tinybld16F874_20MHz_115200bd\tinybld16F874.asm


