MPLINK 4.49, Linker
Linker Map File - Created Fri Feb 07 11:06:20 2014

                                 Section Info
                  Section       Type    Address   Location Size(Bytes)
                ---------  ---------  ---------  ---------  ---------
                   .org_0       code   0x000000    program   0x000000
                   .org_1       code   0x000000    program   0x000004
                   .org_2       code   0x000f9c    program   0x000008
                   .org_3       code   0x000fa0    program   0x0000bc
.config_2007_TINYBLD16F87_INT8MHZ_19200BD.O       code   0x002007    program   0x000002
.config_2008_TINYBLD16F87_INT8MHZ_19200BD.O       code   0x002008    program   0x000002



                              Program Memory Usage 
                               Start         End      
                           ---------   ---------      
                            0x000000    0x000001      
                            0x000f9c    0x000ffd      
                            0x002007    0x002008      
            102 out of 4359 program addresses used, program memory utilization is 2%



                              Symbols - Sorted by Name
                     Name    Address   Location    Storage File                     
                ---------  ---------  ---------  --------- ---------                
                FSReceive   0x000fe7    program     static C:\picasm1\tinybld198\picsource\16f\Dan_tinybld16F87_int8MHz_19200bd_r2\tinybld16F87_int8MHz_19200bd.asm
        IntrareBootloader   0x000fa0    program     static C:\picasm1\tinybld198\picsource\16f\Dan_tinybld16F87_int8MHz_19200bd_r2\tinybld16F87_int8MHz_19200bd.asm
                 MainLoop   0x000fb3    program     static C:\picasm1\tinybld198\picsource\16f\Dan_tinybld16F87_int8MHz_19200bd_r2\tinybld16F87_int8MHz_19200bd.asm
                  Receive   0x000fe9    program     static C:\picasm1\tinybld198\picsource\16f\Dan_tinybld16F87_int8MHz_19200bd_r2\tinybld16F87_int8MHz_19200bd.asm
                UARTDelay   0x000fea    program     static C:\picasm1\tinybld198\picsource\16f\Dan_tinybld16F87_int8MHz_19200bd_r2\tinybld16F87_int8MHz_19200bd.asm
                    mainl   0x000fb4    program     static C:\picasm1\tinybld198\picsource\16f\Dan_tinybld16F87_int8MHz_19200bd_r2\tinybld16F87_int8MHz_19200bd.asm
                   rcvoct   0x000fbf    program     static C:\picasm1\tinybld198\picsource\16f\Dan_tinybld16F87_int8MHz_19200bd_r2\tinybld16F87_int8MHz_19200bd.asm
                     rpt2   0x000fec    program     static C:\picasm1\tinybld198\picsource\16f\Dan_tinybld16F87_int8MHz_19200bd_r2\tinybld16F87_int8MHz_19200bd.asm
                     rpt3   0x000fed    program     static C:\picasm1\tinybld198\picsource\16f\Dan_tinybld16F87_int8MHz_19200bd_r2\tinybld16F87_int8MHz_19200bd.asm
                     rptc   0x000fee    program     static C:\picasm1\tinybld198\picsource\16f\Dan_tinybld16F87_int8MHz_19200bd_r2\tinybld16F87_int8MHz_19200bd.asm
              way_to_exit   0x000ffc    program     static C:\picasm1\tinybld198\picsource\16f\Dan_tinybld16F87_int8MHz_19200bd_r2\tinybld16F87_int8MHz_19200bd.asm
                     wr_e   0x000fd9    program     static C:\picasm1\tinybld198\picsource\16f\Dan_tinybld16F87_int8MHz_19200bd_r2\tinybld16F87_int8MHz_19200bd.asm
                     wr_w   0x000fda    program     static C:\picasm1\tinybld198\picsource\16f\Dan_tinybld16F87_int8MHz_19200bd_r2\tinybld16F87_int8MHz_19200bd.asm
                   writel   0x000fd3    program     static C:\picasm1\tinybld198\picsource\16f\Dan_tinybld16F87_int8MHz_19200bd_r2\tinybld16F87_int8MHz_19200bd.asm
                writeloop   0x000fc8    program     static C:\picasm1\tinybld198\picsource\16f\Dan_tinybld16F87_int8MHz_19200bd_r2\tinybld16F87_int8MHz_19200bd.asm
                ziieroare   0x000fc5    program     static C:\picasm1\tinybld198\picsource\16f\Dan_tinybld16F87_int8MHz_19200bd_r2\tinybld16F87_int8MHz_19200bd.asm



                              Symbols - Sorted by Address
                     Name    Address   Location    Storage File                     
                ---------  ---------  ---------  --------- ---------                
        IntrareBootloader   0x000fa0    program     static C:\picasm1\tinybld198\picsource\16f\Dan_tinybld16F87_int8MHz_19200bd_r2\tinybld16F87_int8MHz_19200bd.asm
                 MainLoop   0x000fb3    program     static C:\picasm1\tinybld198\picsource\16f\Dan_tinybld16F87_int8MHz_19200bd_r2\tinybld16F87_int8MHz_19200bd.asm
                    mainl   0x000fb4    program     static C:\picasm1\tinybld198\picsource\16f\Dan_tinybld16F87_int8MHz_19200bd_r2\tinybld16F87_int8MHz_19200bd.asm
                   rcvoct   0x000fbf    program     static C:\picasm1\tinybld198\picsource\16f\Dan_tinybld16F87_int8MHz_19200bd_r2\tinybld16F87_int8MHz_19200bd.asm
                ziieroare   0x000fc5    program     static C:\picasm1\tinybld198\picsource\16f\Dan_tinybld16F87_int8MHz_19200bd_r2\tinybld16F87_int8MHz_19200bd.asm
                writeloop   0x000fc8    program     static C:\picasm1\tinybld198\picsource\16f\Dan_tinybld16F87_int8MHz_19200bd_r2\tinybld16F87_int8MHz_19200bd.asm
                   writel   0x000fd3    program     static C:\picasm1\tinybld198\picsource\16f\Dan_tinybld16F87_int8MHz_19200bd_r2\tinybld16F87_int8MHz_19200bd.asm
                     wr_e   0x000fd9    program     static C:\picasm1\tinybld198\picsource\16f\Dan_tinybld16F87_int8MHz_19200bd_r2\tinybld16F87_int8MHz_19200bd.asm
                     wr_w   0x000fda    program     static C:\picasm1\tinybld198\picsource\16f\Dan_tinybld16F87_int8MHz_19200bd_r2\tinybld16F87_int8MHz_19200bd.asm
                FSReceive   0x000fe7    program     static C:\picasm1\tinybld198\picsource\16f\Dan_tinybld16F87_int8MHz_19200bd_r2\tinybld16F87_int8MHz_19200bd.asm
                  Receive   0x000fe9    program     static C:\picasm1\tinybld198\picsource\16f\Dan_tinybld16F87_int8MHz_19200bd_r2\tinybld16F87_int8MHz_19200bd.asm
                UARTDelay   0x000fea    program     static C:\picasm1\tinybld198\picsource\16f\Dan_tinybld16F87_int8MHz_19200bd_r2\tinybld16F87_int8MHz_19200bd.asm
                     rpt2   0x000fec    program     static C:\picasm1\tinybld198\picsource\16f\Dan_tinybld16F87_int8MHz_19200bd_r2\tinybld16F87_int8MHz_19200bd.asm
                     rpt3   0x000fed    program     static C:\picasm1\tinybld198\picsource\16f\Dan_tinybld16F87_int8MHz_19200bd_r2\tinybld16F87_int8MHz_19200bd.asm
                     rptc   0x000fee    program     static C:\picasm1\tinybld198\picsource\16f\Dan_tinybld16F87_int8MHz_19200bd_r2\tinybld16F87_int8MHz_19200bd.asm
              way_to_exit   0x000ffc    program     static C:\picasm1\tinybld198\picsource\16f\Dan_tinybld16F87_int8MHz_19200bd_r2\tinybld16F87_int8MHz_19200bd.asm


