MPASM  5.51  TINYBLD16F87_INT8MHZ_19200BD.ASM   2-7-2014  11:06:18         PAGE  1


LOC  OBJECT CODE     LINE SOURCE TEXT
  VALUE

                      00001         radix DEC
                      00002         LIST  F=INHX8M 
                      00003 
                      00004         ; change these lines accordingly to your application    
                      00005 #include "p16f87.inc"
                      00001         LIST
                      00002 
                      00003 ;==========================================================================
                      00004 ;  MPASM PIC16F87 processor include
                      00005 ; 
                      00006 ;  (c) Copyright 1999-2013 Microchip Technology, All rights reserved
                      00007 ;==========================================================================
                      00008 
                      00509         LIST
  00000033            00006 IdTypePIC = 0x33                ; must exists in "piccodes.ini"                 
                      00007 #define max_flash 0x1000        ; in WORDS, not bytes!!! (= 'max flash memory' from "piccodes.ini" divid
                            ed by 2)
  007A1200            00008 xtal    EQU 8000000             ; _INTRC_IO internal osc; can select other internal freq using OSCCON
  00004B00            00009 baud    EQU 19200               ; 
                      00010 #define INTOSC                  ; Use Internal Oscillator
                      00011         ; The above 6 lines can be changed and buid a bootloader for the desired frequency and PIC type
                      00012 
                      00013 ; +---------+--------+------------+------------+-----------+------+------+--------+------+
                      00014 ; |IcTypePIC| Device | Erase_Page | Write_Page | max_flash |  TX  |  RX  | EEPROM | PDIP |
                      00015 ; +---------+--------+------------+------------+-----------+------+------+--------+------+
                      00016 ; |   0x33  | 16F87  |  32 words  |  4 words   |  0x01000  |B5(11)| B2(8)|  256   |  18  |
                      00017 ; |   0x33  | 16F88  |  32 words  |  4 words   |  0x01000  |B5(11)| B2(8)|  256   |  18  |
                      00018 ; +---------+--------+------------+------------+-----------+------+------+--------+------+
                      00019 
                      00020 ; +----------+------+----------+------+ +----------+--------+
                      00021 ; | register | BANK | register | BANK | |subroutine|  BANK  |
                      00022 ; +----------+------+----------+------+ +----------+--------+
                      00023 ; | EECON1/2 |  3   |EEADRL/DAT|  2   | | Receive  | ->0->2 |
                      00024 ; +----------+------+----------+------+ +----------+--------+
                      00025 
                      00026         ;********************************************************************
                      00027         ;       Tiny Bootloader         16F87/88 series         Size=100words
                      00028         ;
                      00029         ;       claudiu.chiculita@ugal.ro
                      00030         ;       http://www.etc.ugal.ro/cchiculita/software/picbootloader.htm
                      00031         ;       (2014.02.07 Revision 3)
                      00032         ;
                      00033         ;       This program is only available in Tiny AVR/PIC Bootloader +.
                      00034         ;
                      00035         ;       Tiny AVR/PIC Bootloader +
                      00036         ;       https://sourceforge.net/projects/tinypicbootload/
                      00037         ;
                      00038         ;********************************************************************
                      00039 
                      00040         #include "../spbrgselect.inc"
  00000000            00001 RoundResult SET 0                               ; Rounding function.  RoundResult = Round(aa/bb)
                      00002 Round   macro aa,bb
                      00003         LOCAL rr = aa/bb
MPASM  5.51  TINYBLD16F87_INT8MHZ_19200BD.ASM   2-7-2014  11:06:18         PAGE  2


LOC  OBJECT CODE     LINE SOURCE TEXT
  VALUE

                      00004         LOCAL d1 = aa - rr*bb
                      00005         LOCAL d2 = (rr+1)*bb - aa
                      00006 RoundResult = rr
                      00007         if d1 >= d2
                      00008 RoundResult++
                      00009         endif
                      00010         endm
                      00011 
  00000000            00012 AbsResult SET 0
                      00013 Abs             macro nr
                      00014         if nr>=0
                      00015 AbsResult = nr
                      00016         else
                      00017 AbsResult = -nr
                      00018         endif
                      00019         endm
                      00020                 
                      00021         Round xtal,(16*baud)
  001A                    M         LOCAL rr = xtal/(16*baud)
  3200                    M         LOCAL d1 = xtal - rr*(16*baud)
  7E00                    M         LOCAL d2 = (rr+1)*(16*baud) - xtal
  0000001A                M RoundResult = rr
                          M         if d1 >= d2
                          M RoundResult++
                          M         endif
  00000019            00022 spbrg_value EQU RoundResult-1
                      00023 
                      00024         Round xtal,(16*(spbrg_value+1))
  4B1E                    M         LOCAL rr = xtal/(16*(spbrg_value+1))
  0140                    M         LOCAL d1 = xtal - rr*(16*(spbrg_value+1))
  0060                    M         LOCAL d2 = (rr+1)*(16*(spbrg_value+1)) - xtal
  00004B1E                M RoundResult = rr
                          M         if d1 >= d2
  00004B1F                M RoundResult++
                          M         endif
  00004B1F            00025 baud_real EQU RoundResult
                      00026         Abs(baud_real-baud)
                          M         if (baud_real-baud)>=0
  0000001F                M AbsResult = (baud_real-baud)
                          M         else
                          M AbsResult = -(baud_real-baud)
                          M         endif
  00000000            00027 errpercent EQU AbsResult*100/baud
                      00028         if errpercent > 4
                      00029                 ERROR big error in baudrate: 0%
                      00030         endif
                      00031         if errpercent >= 2
                      00032                 messg baudrate not exact: 0%
                      00033         endif
                      00041         #define first_address max_flash-100 ; 100 word in size
                      00042 
2007   3F10           00043         __CONFIG    _CONFIG1, _INTRC_IO & _WDTE_OFF & _PWRTE_ON & _MCLR_OFF & _BODEN_OFF & _LVP_OFF & _C
                            PD_OFF & _WRT_PROTECT_OFF & _DEBUG_OFF & _CCP1_RB0 & _CP_OFF
MPASM  5.51  TINYBLD16F87_INT8MHZ_19200BD.ASM   2-7-2014  11:06:18         PAGE  3


LOC  OBJECT CODE     LINE SOURCE TEXT
  VALUE

2008   3FFC           00044         __CONFIG    _CONFIG2, _FCMEN_OFF & _IESO_OFF
                      00045 
                      00046         errorlevel 1, -305
                      00047         
                      00048         cblock 0x20
  00000020            00049         buffer:80
                      00050         endc
                      00051         
                      00052         cblock 0x78
  00000078            00053         crc
  00000079            00054         contor
  0000007A            00055         i
  0000007B            00056         cnt1
  0000007C            00057         cnt2
  0000007D            00058         cnt3
  0000007E            00059         flag
                      00060         endc
                      00061 
                      00062 ;0000000000000000000000000 RESET 00000000000000000000000000
                      00063 
0000                  00064                 ORG     0x0000
0000   158A           00065                 PAGESEL IntrareBootloader
0001   2FA0           00066                 GOTO    IntrareBootloader
                      00067 
                      00068 ;&&&&&&&&&&&&&&&&&&&&&&&   START     &&&&&&&&&&&&&&&&&
                      00069 ;----------------------  Bootloader  ----------------------
                      00070 ;
                      00071 ;PC_flash:    C1h          AddrH  AddrL  nr  ...(DataLo DataHi)...  crc
                      00072 ;PC_EEPROM:   C1h          EEADRH  EEADRL  2  EEDATL  EEDATH(=0)    crc
                      00073 ;PIC_response:   id   K                                                 K
                      00074         
0F9C                  00075         ORG first_address
0F9C   0000           00076         nop
0F9D   0000           00077         nop
0F9E   0000           00078         nop
0F9F   0000           00079         nop
                      00080 
0FA0                  00081         org first_address+4
0FA0                  00082 IntrareBootloader:
                      00083                                 ;init serial port,Oscillator
0FA0   1683           00084         bsf     STATUS,RP0      ;bank  0->1
0FA1   3024           00085         movlw   b'00100100'
0FA2   0098           00086         movwf   TXSTA
0FA3   3019           00087         movlw   spbrg_value
0FA4   0099           00088         movwf   SPBRG
                      00089 
                      00090  #ifdef INTOSC
0FA5   3078           00091         movlw   b'01111000'     ;osc internal 8 Mhz
0FA6   008F           00092         movwf   OSCCON
0FA7   3002           00093         movlw   xtal/8000000+1  ;uart is not started yet
0FA8   27EA           00094         call    UARTDelay       ;for _HS_OSC mode this delay is not necessary
                      00095  #endif
                      00096 
MPASM  5.51  TINYBLD16F87_INT8MHZ_19200BD.ASM   2-7-2014  11:06:18         PAGE  4


LOC  OBJECT CODE     LINE SOURCE TEXT
  VALUE

0FA9   0183           00097         clrf    STATUS          ;bank  0
0FAA   3090           00098         movlw   b'10010000'
0FAB   0098           00099         movwf   RCSTA
                      00100                                 ;wait for computer
0FAC   27E9           00101         call    Receive
0FAD   0183           00102         clrf    STATUS          ;bank  2->0
0FAE   3CC1           00103         sublw   0xC1            ;Expect C1
0FAF   1D03           00104         skpz
0FB0   2FFC           00105         goto    way_to_exit
                      00106 
0FB1   3033           00107         movlw   IdTypePIC       ;PIC type
0FB2   0099           00108         movwf   TXREG
                      00109         ;SendL  IdSoftVer       ;firmware ver x
                      00110 
0FB3                  00111 MainLoop:
0FB3   3042           00112         movlw   'B'
0FB4                  00113 mainl:
0FB4   0183           00114         clrf    STATUS          ;bank  0
0FB5   0099           00115         movwf   TXREG
0FB6   01F8           00116         clrf    crc
0FB7   27E9           00117         call    Receive         ;H
0FB8   008F           00118         movwf   EEADRH
0FB9   00FE           00119         movwf   flag
0FBA   27E9           00120         call    Receive         ;L
0FBB   008D           00121         movwf   EEADR
                      00122 
0FBC   27E7           00123         call    FSReceive       ;count
0FBD   00F9           00124         movwf   contor          ;=2,eeprom  =64,flash
0FBE   00FA           00125         movwf   i
                      00126 ;       movlw   buffer
                      00127 ;       movwf   FSR
0FBF                  00128 rcvoct:
0FBF   27E9           00129         call    Receive
0FC0   0080           00130         movwf   INDF
0FC1   0A84           00131         incf    FSR,f
0FC2   0BFA           00132         decfsz  i,f
0FC3   2FBF           00133         goto    rcvoct
                      00134 
0FC4   27E7           00135         call    FSReceive
0FC5                  00136 ziieroare:
0FC5   304E           00137         movlw   'N'
0FC6   1D03           00138         skpz                    ;check checksum
0FC7   2FB4           00139         goto    mainl
                      00140                                 ;write
                      00141 ;       movlw   buffer
                      00142 ;       movwf   FSR
                      00143 
0FC8                  00144 writeloop:                      ;write 2 bytes = 1 instruction
0FC8   0800           00145         movf    INDF,w          ;L
0FC9   008C           00146         movwf   EEDATA
0FCA   0A84           00147         incf    FSR,f
0FCB   0800           00148         movf    INDF,w          ;H
0FCC   008E           00149         movwf   EEDATH
MPASM  5.51  TINYBLD16F87_INT8MHZ_19200BD.ASM   2-7-2014  11:06:18         PAGE  5


LOC  OBJECT CODE     LINE SOURCE TEXT
  VALUE

0FCD   0A84           00150         incf    FSR,f
                      00151 
0FCE   1683           00152         bsf     STATUS,RP0      ;bank  2->3
0FCF   1B79           00153         btfsc   contor,6        ;erase if EEADRL=B'XXX00000'
0FD0   27D9           00154         call    wr_e            ;erase operation
0FD1   0000           00155         nop
0FD2   27DA           00156         call    wr_w            ;write operation
0FD3                  00157 writel:
0FD3   1283           00158         bcf     STATUS,RP0      ;bank  3->2
0FD4   0A8D           00159         incf    EEADR,f         ;does not cross zones
0FD5   03F9           00160         decf    contor,f
0FD6   0BF9           00161         decfsz  contor,f
0FD7   2FC8           00162         goto    writeloop
0FD8   2FB3           00163         goto    MainLoop
                      00164 
                      00165 
0FD9                  00166 wr_e:
0FD9   160C           00167         bsf     EECON1,FREE
0FDA                  00168 wr_w:
0FDA   1F7E           00169         btfss   flag,6          ;if writing to EEPROM, skip EEPGD set.
0FDB   178C           00170         bsf     EECON1,EEPGD
0FDC   2FDD           00171         goto    $+1
0FDD   150C           00172         bsf     EECON1,WREN
0FDE   3055           00173         movlw   0x55
0FDF   008D           00174         movwf   EECON2
0FE0   30AA           00175         movlw   0xaa
0FE1   008D           00176         movwf   EECON2
0FE2   148C           00177         bsf     EECON1,WR       ;WR=1
0FE3   0000           00178         nop
0FE4   0000           00179         nop
0FE5   018C           00180         clrf    EECON1
0FE6   0008           00181         return
                      00182 
                      00183 
0FE7                  00184 FSReceive:
0FE7   3020           00185         movlw   buffer
0FE8   0084           00186         movwf   FSR
0FE9                  00187 Receive:
0FE9   3005           00188         movlw   xtal/2000000+1  ;for 20MHz => 11 => 1second
0FEA                  00189 UARTDelay:
0FEA   0183           00190         clrf    STATUS          ;bank  0
0FEB   00FB           00191         movwf   cnt1
0FEC                  00192 rpt2:
0FEC   01FC           00193         clrf    cnt2
0FED                  00194 rpt3:
0FED   01FD           00195         clrf    cnt3
0FEE                  00196 rptc:
0FEE   1E8C           00197         btfss   PIR1,RCIF       ;test RX
0FEF   2FF4           00198         goto    $+5
0FF0   081A           00199         movf    RCREG,w         ;return in W
0FF1   07F8           00200         addwf   crc,f           ;compute crc
0FF2   1703           00201         bsf     STATUS,RP1      ;bank  0->2
0FF3   0008           00202         return
MPASM  5.51  TINYBLD16F87_INT8MHZ_19200BD.ASM   2-7-2014  11:06:18         PAGE  6


LOC  OBJECT CODE     LINE SOURCE TEXT
  VALUE

                      00203 
0FF4   0BFD           00204         decfsz  cnt3,f
0FF5   2FEE           00205         goto    rptc
0FF6   0BFC           00206         decfsz  cnt2,f
0FF7   2FED           00207         goto    rpt3
0FF8   0BFB           00208         decfsz  cnt1,f
0FF9   2FEC           00209         goto    rpt2
                      00210 
                      00211  #ifdef INTOSC
0FFA   1F98           00212         btfss   RCSTA,SPEN
0FFB   0008           00213         return                  ;UARTDelay return
                      00214  #endif
                      00215 
0FFC                  00216 way_to_exit:                    ;timeout:
0FFC   1398           00217         bcf     RCSTA,SPEN      ;deactivate UART
0FFD   2F9C           00218         goto    first_address   ;timeout:exit in all other cases
                      00219 
                      00220 ;*************************************************************
                      00221 ; After reset
                      00222 ; Do not expect the memory to be zero,
                      00223 ; Do not expect registers to be initialised like in catalog.
                      00224 
                      00225             END
MPASM  5.51  TINYBLD16F87_INT8MHZ_19200BD.ASM   2-7-2014  11:06:18         PAGE  7


SYMBOL TABLE
  LABEL                             VALUE 

ADDEN                             00000003
Abs                               
AbsResult                         0000001F
BF                                00000000
BRGH                              00000002
C                                 00000000
C1INV                             00000004
C1OUT                             00000006
C2INV                             00000005
C2OUT                             00000007
CCP1CON                           00000017
CCP1IE                            00000002
CCP1IF                            00000002
CCP1M0                            00000000
CCP1M1                            00000001
CCP1M2                            00000002
CCP1M3                            00000003
CCP1X                             00000005
CCP1Y                             00000004
CCPR1                             00000015
CCPR1H                            00000016
CCPR1L                            00000015
CIS                               00000003
CKE                               00000006
CKP                               00000004
CM0                               00000000
CM1                               00000001
CM2                               00000002
CMCON                             0000009C
CMIE                              00000006
CMIF                              00000006
CREN                              00000004
CSRC                              00000007
CVR0                              00000000
CVR1                              00000001
CVR2                              00000002
CVR3                              00000003
CVRCON                            0000009D
CVREN                             00000007
CVROE                             00000006
CVRR                              00000005
D                                 00000005
DATA_ADDRESS                      00000005
DC                                00000001
D_A                               00000005
D_NOT_A                           00000005
EEADR                             0000010D
EEADRH                            0000010F
EECON1                            0000018C
EECON2                            0000018D
EEDATA                            0000010C
EEDATH                            0000010E
EEIE                              00000004
MPASM  5.51  TINYBLD16F87_INT8MHZ_19200BD.ASM   2-7-2014  11:06:18         PAGE  8


SYMBOL TABLE
  LABEL                             VALUE 

EEIF                              00000004
EEPGD                             00000007
F                                 00000001
FERR                              00000002
FREE                              00000004
FSR                               00000004
FSReceive                         00000FE7
GIE                               00000007
I2C_DATA                          00000005
I2C_READ                          00000002
I2C_START                         00000003
I2C_STOP                          00000004
INDF                              00000000
INT0IE                            00000004
INT0IF                            00000001
INTCON                            0000000B
INTE                              00000004
INTEDG                            00000006
INTF                              00000001
INTOSC                            
IOFS                              00000002
IRCF0                             00000004
IRCF1                             00000005
IRCF2                             00000006
IRP                               00000007
IdTypePIC                         00000033
IntrareBootloader                 00000FA0
MainLoop                          00000FB3
NOT_A                             00000005
NOT_ADDRESS                       00000005
NOT_BO                            00000000
NOT_BOR                           00000000
NOT_PD                            00000003
NOT_POR                           00000001
NOT_RBPU                          00000007
NOT_RC8                           00000006
NOT_T1SYNC                        00000002
NOT_TO                            00000004
NOT_TX8                           00000006
NOT_W                             00000002
NOT_WRITE                         00000002
OERR                              00000001
OPTION_REG                        00000081
OSCCON                            0000008F
OSCTUNE                           00000090
OSFIE                             00000007
OSFIF                             00000007
OSTS                              00000003
P                                 00000004
PCL                               00000002
PCLATH                            0000000A
PCON                              0000008E
PEIE                              00000006
MPASM  5.51  TINYBLD16F87_INT8MHZ_19200BD.ASM   2-7-2014  11:06:18         PAGE  9


SYMBOL TABLE
  LABEL                             VALUE 

PIE1                              0000008C
PIE2                              0000008D
PIR1                              0000000C
PIR2                              0000000D
PORTA                             00000005
PORTB                             00000006
PR2                               00000092
PS0                               00000000
PS1                               00000001
PS2                               00000002
PSA                               00000003
R                                 00000002
RA0                               00000000
RA1                               00000001
RA2                               00000002
RA3                               00000003
RA4                               00000004
RA5                               00000005
RA6                               00000006
RA7                               00000007
RB0                               00000000
RB1                               00000001
RB2                               00000002
RB3                               00000003
RB4                               00000004
RB5                               00000005
RB6                               00000006
RB7                               00000007
RBIE                              00000003
RBIF                              00000000
RC8_9                             00000006
RC9                               00000006
RCD8                              00000000
RCIE                              00000005
RCIF                              00000005
RCREG                             0000001A
RCSTA                             00000018
RD                                00000000
READ_WRITE                        00000002
RP0                               00000005
RP1                               00000006
RX9                               00000006
RX9D                              00000000
R_NOT_W                           00000002
R_W                               00000002
Receive                           00000FE9
Round                             
RoundResult                       00004B1F
S                                 00000003
SCS0                              00000000
SCS1                              00000001
SMP                               00000007
SPBRG                             00000099
MPASM  5.51  TINYBLD16F87_INT8MHZ_19200BD.ASM   2-7-2014  11:06:18         PAGE 10


SYMBOL TABLE
  LABEL                             VALUE 

SPEN                              00000007
SREN                              00000005
SSPADD                            00000093
SSPBUF                            00000013
SSPCON                            00000014
SSPEN                             00000005
SSPIE                             00000003
SSPIF                             00000003
SSPM0                             00000000
SSPM1                             00000001
SSPM2                             00000002
SSPM3                             00000003
SSPOV                             00000006
SSPSTAT                           00000094
STATUS                            00000003
SWDTE                             00000000
SWDTEN                            00000000
SYNC                              00000004
T0CS                              00000005
T0SE                              00000004
T1CKPS0                           00000004
T1CKPS1                           00000005
T1CON                             00000010
T1INSYNC                          00000002
T1OSCEN                           00000003
T1RUN                             00000006
T2CKPS0                           00000000
T2CKPS1                           00000001
T2CON                             00000012
TMR0                              00000001
TMR0IE                            00000005
TMR0IF                            00000002
TMR1                              0000000E
TMR1CS                            00000001
TMR1H                             0000000F
TMR1IE                            00000000
TMR1IF                            00000000
TMR1L                             0000000E
TMR1ON                            00000000
TMR2                              00000011
TMR2IE                            00000001
TMR2IF                            00000001
TMR2ON                            00000002
TOUTPS0                           00000003
TOUTPS1                           00000004
TOUTPS2                           00000005
TOUTPS3                           00000006
TRISA                             00000085
TRISA0                            00000000
TRISA1                            00000001
TRISA2                            00000002
TRISA3                            00000003
TRISA4                            00000004
MPASM  5.51  TINYBLD16F87_INT8MHZ_19200BD.ASM   2-7-2014  11:06:18         PAGE 11


SYMBOL TABLE
  LABEL                             VALUE 

TRISA5                            00000005
TRISA6                            00000006
TRISA7                            00000007
TRISB                             00000086
TRISB0                            00000000
TRISB1                            00000001
TRISB2                            00000002
TRISB3                            00000003
TRISB4                            00000004
TRISB5                            00000005
TRISB6                            00000006
TRISB7                            00000007
TRMT                              00000001
TUN0                              00000000
TUN1                              00000001
TUN2                              00000002
TUN3                              00000003
TUN4                              00000004
TUN5                              00000005
TX8_9                             00000006
TX9                               00000006
TX9D                              00000000
TXD8                              00000000
TXEN                              00000005
TXIE                              00000004
TXIF                              00000004
TXREG                             00000019
TXSTA                             00000098
UA                                00000001
UARTDelay                         00000FEA
W                                 00000000
WCOL                              00000007
WDTCON                            00000105
WDTPS0                            00000001
WDTPS1                            00000002
WDTPS2                            00000003
WDTPS3                            00000004
WR                                00000001
WREN                              00000002
WRERR                             00000003
Z                                 00000002
_BODEN_OFF                        00003FBF
_BODEN_ON                         00003FFF
_BOREN_OFF                        00003FBF
_BOREN_ON                         00003FFF
_CCP1_RB0                         00003FFF
_CCP1_RB3                         00002FFF
_CCPMX_RB0                        00003FFF
_CCPMX_RB3                        00002FFF
_CONFIG1                          00002007
_CONFIG2                          00002008
_CPD_OFF                          00003FFF
_CPD_ON                           00003EFF
MPASM  5.51  TINYBLD16F87_INT8MHZ_19200BD.ASM   2-7-2014  11:06:18         PAGE 12


SYMBOL TABLE
  LABEL                             VALUE 

_CP_ALL                           00001FFF
_CP_OFF                           00003FFF
_CP_ON                            00001FFF
_DEBUG_OFF                        00003FFF
_DEBUG_ON                         000037FF
_DEVID1                           00002006
_EXTCLK                           00003FEF
_EXTRC_CLKOUT                     00003FFF
_EXTRC_IO                         00003FFE
_FCMEN_OFF                        00003FFE
_FCMEN_ON                         00003FFF
_FOSC_EC                          00003FEF
_FOSC_EXTRCCLK                    00003FFF
_FOSC_EXTRCIO                     00003FFE
_FOSC_HS                          00003FEE
_FOSC_INTOSCCLK                   00003FFD
_FOSC_INTOSCIO                    00003FFC
_FOSC_LP                          00003FEC
_FOSC_XT                          00003FED
_HS_OSC                           00003FEE
_IDLOC0                           00002000
_IDLOC1                           00002001
_IDLOC2                           00002002
_IDLOC3                           00002003
_IESO_OFF                         00003FFD
_IESO_ON                          00003FFF
_INTRC_CLKOUT                     00003FFD
_INTRC_IO                         00003FFC
_LP_OSC                           00003FEC
_LVP_OFF                          00003F7F
_LVP_ON                           00003FFF
_MCLRE_OFF                        00003FDF
_MCLRE_ON                         00003FFF
_MCLR_OFF                         00003FDF
_MCLR_ON                          00003FFF
_PWRTE_OFF                        00003FFF
_PWRTE_ON                         00003FF7
_WDTE_OFF                         00003FFB
_WDTE_ON                          00003FFF
_WDT_OFF                          00003FFB
_WDT_ON                           00003FFF
_WRT_2048                         00003BFF
_WRT_256                          00003DFF
_WRT_ALL                          000039FF
_WRT_OFF                          00003FFF
_WRT_PROTECT_2048                 00003BFF
_WRT_PROTECT_256                  00003DFF
_WRT_PROTECT_ALL                  000039FF
_WRT_PROTECT_OFF                  00003FFF
_XT_OSC                           00003FED
__16F87                           00000001
__DEBUG                           1
baud                              00004B00
MPASM  5.51  TINYBLD16F87_INT8MHZ_19200BD.ASM   2-7-2014  11:06:18         PAGE 13


SYMBOL TABLE
  LABEL                             VALUE 

baud_real                         00004B1F
buffer                            00000020
cnt1                              0000007B
cnt2                              0000007C
cnt3                              0000007D
contor                            00000079
crc                               00000078
errpercent                        00000000
first_address                     max_flash-100
flag                              0000007E
i                                 0000007A
mainl                             00000FB4
max_flash                         0x1000
rcvoct                            00000FBF
rpt2                              00000FEC
rpt3                              00000FED
rptc                              00000FEE
spbrg_value                       00000019
way_to_exit                       00000FFC
wr_e                              00000FD9
wr_w                              00000FDA
writel                            00000FD3
writeloop                         00000FC8
xtal                              007A1200
ziieroare                         00000FC5


MEMORY USAGE MAP ('X' = Used,  '-' = Unused)

0000 : XX-------------- ---------------- ---------------- ----------------
0F80 : ---------------- ------------XXXX XXXXXXXXXXXXXXXX XXXXXXXXXXXXXXXX
0FC0 : XXXXXXXXXXXXXXXX XXXXXXXXXXXXXXXX XXXXXXXXXXXXXXXX XXXXXXXXXXXXXX--
2000 : -------XX------- ---------------- ---------------- ----------------

All other memory blocks unused.

Program Memory Words Used:   100
Program Memory Words Free:  3996


Errors   :     0
Warnings :     0 reported,     0 suppressed
Messages :     0 reported,    16 suppressed

