MPLINK 5.01, LINKER
Linker Map File - Created Mon Jun 09 01:17:43 2014

                                 Section Info
                  Section       Type    Address   Location Size(Bytes)
                ---------  ---------  ---------  ---------  ---------
                   .org_0       code   0x000000    program   0x000000
                   .org_1       code   0x000000    program   0x000002
                   .org_2       code   0x00039c    program   0x000000
                   .org_3       code   0x0003a0    program   0x0000ba
.config_8007_TINYBLD12F1571_16MHZ_INT_9600BD.       code   0x008007    program   0x000002
.config_8008_TINYBLD12F1571_16MHZ_INT_9600BD.       code   0x008008    program   0x000002



                              Program Memory Usage 
                               Start         End      
                           ---------   ---------      
                            0x000000    0x000000      
                            0x0003a0    0x0003fc      
                            0x008007    0x008008      
            96 out of 1031 program addresses used, program memory utilization is 9%



                              Symbols - Sorted by Name
                     Name    Address   Location    Storage File                     
                ---------  ---------  ---------  --------- ---------                
        IntrareBootloader   0x0003a0    program     static C:\Documents and Settings\Administrator\MPLABXProjects\tinybld12F1571.X\tinybld12F1571_16MHz_int_9600bd.asm
                 MainLoop   0x0003ad    program     static C:\Documents and Settings\Administrator\MPLABXProjects\tinybld12F1571.X\tinybld12F1571_16MHz_int_9600bd.asm
                  Receive   0x0003c6    program     static C:\Documents and Settings\Administrator\MPLABXProjects\tinybld12F1571.X\tinybld12F1571_16MHz_int_9600bd.asm
                    SendL   0x0003eb    program     static C:\Documents and Settings\Administrator\MPLABXProjects\tinybld12F1571.X\tinybld12F1571_16MHz_int_9600bd.asm
                     bout   0x0003f3    program     static C:\Documents and Settings\Administrator\MPLABXProjects\tinybld12F1571.X\tinybld12F1571_16MHz_int_9600bd.asm
                    bwait   0x0003f7    program     static C:\Documents and Settings\Administrator\MPLABXProjects\tinybld12F1571.X\tinybld12F1571_16MHz_int_9600bd.asm
                   bwait2   0x0003f8    program     static C:\Documents and Settings\Administrator\MPLABXProjects\tinybld12F1571.X\tinybld12F1571_16MHz_int_9600bd.asm
                     loop   0x0003d7    program     static C:\Documents and Settings\Administrator\MPLABXProjects\tinybld12F1571.X\tinybld12F1571_16MHz_int_9600bd.asm
                    mainl   0x0003ae    program     static C:\Documents and Settings\Administrator\MPLABXProjects\tinybld12F1571.X\tinybld12F1571_16MHz_int_9600bd.asm
                   rcvoct   0x0003b6    program     static C:\Documents and Settings\Administrator\MPLABXProjects\tinybld12F1571.X\tinybld12F1571_16MHz_int_9600bd.asm
                     rpt2   0x0003c9    program     static C:\Documents and Settings\Administrator\MPLABXProjects\tinybld12F1571.X\tinybld12F1571_16MHz_int_9600bd.asm
                     rpt3   0x0003c9    program     static C:\Documents and Settings\Administrator\MPLABXProjects\tinybld12F1571.X\tinybld12F1571_16MHz_int_9600bd.asm
                     rptc   0x0003c9    program     static C:\Documents and Settings\Administrator\MPLABXProjects\tinybld12F1571.X\tinybld12F1571_16MHz_int_9600bd.asm
              way_to_exit   0x0003dd    program     static C:\Documents and Settings\Administrator\MPLABXProjects\tinybld12F1571.X\tinybld12F1571_16MHz_int_9600bd.asm
                     wr_e   0x0003df    program     static C:\Documents and Settings\Administrator\MPLABXProjects\tinybld12F1571.X\tinybld12F1571_16MHz_int_9600bd.asm
                     wr_l   0x0003e0    program     static C:\Documents and Settings\Administrator\MPLABXProjects\tinybld12F1571.X\tinybld12F1571_16MHz_int_9600bd.asm
                     wr_w   0x0003e1    program     static C:\Documents and Settings\Administrator\MPLABXProjects\tinybld12F1571.X\tinybld12F1571_16MHz_int_9600bd.asm
                ziieroare   0x0003bf    program     static C:\Documents and Settings\Administrator\MPLABXProjects\tinybld12F1571.X\tinybld12F1571_16MHz_int_9600bd.asm



                              Symbols - Sorted by Address
                     Name    Address   Location    Storage File                     
                ---------  ---------  ---------  --------- ---------                
        IntrareBootloader   0x0003a0    program     static C:\Documents and Settings\Administrator\MPLABXProjects\tinybld12F1571.X\tinybld12F1571_16MHz_int_9600bd.asm
                 MainLoop   0x0003ad    program     static C:\Documents and Settings\Administrator\MPLABXProjects\tinybld12F1571.X\tinybld12F1571_16MHz_int_9600bd.asm
                    mainl   0x0003ae    program     static C:\Documents and Settings\Administrator\MPLABXProjects\tinybld12F1571.X\tinybld12F1571_16MHz_int_9600bd.asm
                   rcvoct   0x0003b6    program     static C:\Documents and Settings\Administrator\MPLABXProjects\tinybld12F1571.X\tinybld12F1571_16MHz_int_9600bd.asm
                ziieroare   0x0003bf    program     static C:\Documents and Settings\Administrator\MPLABXProjects\tinybld12F1571.X\tinybld12F1571_16MHz_int_9600bd.asm
                  Receive   0x0003c6    program     static C:\Documents and Settings\Administrator\MPLABXProjects\tinybld12F1571.X\tinybld12F1571_16MHz_int_9600bd.asm
                     rpt2   0x0003c9    program     static C:\Documents and Settings\Administrator\MPLABXProjects\tinybld12F1571.X\tinybld12F1571_16MHz_int_9600bd.asm
                     rpt3   0x0003c9    program     static C:\Documents and Settings\Administrator\MPLABXProjects\tinybld12F1571.X\tinybld12F1571_16MHz_int_9600bd.asm
                     rptc   0x0003c9    program     static C:\Documents and Settings\Administrator\MPLABXProjects\tinybld12F1571.X\tinybld12F1571_16MHz_int_9600bd.asm
                     loop   0x0003d7    program     static C:\Documents and Settings\Administrator\MPLABXProjects\tinybld12F1571.X\tinybld12F1571_16MHz_int_9600bd.asm
              way_to_exit   0x0003dd    program     static C:\Documents and Settings\Administrator\MPLABXProjects\tinybld12F1571.X\tinybld12F1571_16MHz_int_9600bd.asm
                     wr_e   0x0003df    program     static C:\Documents and Settings\Administrator\MPLABXProjects\tinybld12F1571.X\tinybld12F1571_16MHz_int_9600bd.asm
                     wr_l   0x0003e0    program     static C:\Documents and Settings\Administrator\MPLABXProjects\tinybld12F1571.X\tinybld12F1571_16MHz_int_9600bd.asm
                     wr_w   0x0003e1    program     static C:\Documents and Settings\Administrator\MPLABXProjects\tinybld12F1571.X\tinybld12F1571_16MHz_int_9600bd.asm
                    SendL   0x0003eb    program     static C:\Documents and Settings\Administrator\MPLABXProjects\tinybld12F1571.X\tinybld12F1571_16MHz_int_9600bd.asm
                     bout   0x0003f3    program     static C:\Documents and Settings\Administrator\MPLABXProjects\tinybld12F1571.X\tinybld12F1571_16MHz_int_9600bd.asm
                    bwait   0x0003f7    program     static C:\Documents and Settings\Administrator\MPLABXProjects\tinybld12F1571.X\tinybld12F1571_16MHz_int_9600bd.asm
                   bwait2   0x0003f8    program     static C:\Documents and Settings\Administrator\MPLABXProjects\tinybld12F1571.X\tinybld12F1571_16MHz_int_9600bd.asm


